// Jest Snapshot v1, https://goo.gl/fbAQLP

exports[`Snapshot test Renders correctly. 1`] = `
Array [
  <em
    class="sc-eCssSg fUldDc"
  >
    New text
  </em>,
  <em
    class="sc-eCssSg fUldDc"
  >
    New text
  </em>,
  <em
    class="sc-eCssSg fUldDc"
  >
    New text
  </em>,
  <em
    class="sc-eCssSg fUldDc"
  >
    New text
  </em>,
  <em
    class="sc-eCssSg fUldDc"
  >
    New text
  </em>,
  <em
    class="sc-eCssSg fUldDc"
  >
    New text
  </em>,
]
`;
